// Jest Snapshot v1, https://goo.gl/fbAQLP

exports[`ListsOverview snapshot matches 1`] = `
<div
  className="lists-overview"
>
  <h2>
    My lists
  </h2>
  <ul>
    <ListOverviewItem
      id="some id"
      isSelected={false}
      key="some id"
      name="test name"
      onSelect={[Function]}
    />
  </ul>
  <AddInput
    lable="new list name"
    onAdd={[Function]}
  />
</div>
`;
